{"id":"0a0aaaaa-0a00-aaaa-aaaa-aa0000a0aa00","eventDescription":"Test description","eventName":"Test name","eventData":"2024-05-24T10:15:30","status":"ACTIVE"}